
running 1 test
live: desktop qualification requires at least 32 distinct colors
live: Chromium pointer challenge REQUIRED
live: CONNECTED tier=Full desktop=1920x1080 compression=None io_channel=1003 user_channel=1005
live: settled framebuffer capture written to /home/mm/browser-vm-r5-9660cbd9-qualification-best.ppm
live: settled framebuffer capture written to /home/mm/browser-vm-r5-9660cbd9-qualification-best.ppm
live: settled framebuffer capture written to /home/mm/browser-vm-r5-9660cbd9-qualification-best.ppm
live: settled framebuffer capture written to /home/mm/browser-vm-r5-9660cbd9-qualification-best.ppm
live: FRAME OK 1920x1080 rects=52 fnv1a64=0xb5b3185b3c322885 distinct_colors=43 non_dominant_pixels=174823
live: settled baseline fnv1a64=0xb11ec0f659937222
live: Chromium input uses the reversible app-menu + Escape challenge
live: POINTER ARMED point=1898,62 sent=1 quiet_ms=1500 fnv1a64=0xf9cc32a921900c62
live: settled framebuffer capture written to /home/mm/browser-vm-r5-9660cbd9.ppm
live: settled framebuffer capture written to /home/mm/browser-vm-r5-9660cbd9-best-menu-reaction.ppm
live: settled framebuffer capture written to /home/mm/browser-vm-r5-9660cbd9-best-menu-reaction.ppm
live: settled framebuffer capture written to /home/mm/browser-vm-r5-9660cbd9-best-menu-reaction.ppm
live: settled framebuffer capture written to /home/mm/browser-vm-r5-9660cbd9-best-menu-reaction.ppm
live: settled framebuffer capture written to /home/mm/browser-vm-r5-9660cbd9-best-menu-reaction.ppm
live: settled framebuffer capture written to /home/mm/browser-vm-r5-9660cbd9-best-menu-reaction.ppm
live: settled framebuffer capture written to /home/mm/browser-vm-r5-9660cbd9-best-menu-reaction.ppm
live: settled framebuffer capture written to /home/mm/browser-vm-r5-9660cbd9-best-menu-reaction.ppm
live: settled framebuffer capture written to /home/mm/browser-vm-r5-9660cbd9-best-menu-reaction.ppm
live: settled framebuffer capture written to /home/mm/browser-vm-r5-9660cbd9-best-menu-reaction.ppm
live: settled framebuffer capture written to /home/mm/browser-vm-r5-9660cbd9-best-menu-reaction.ppm
live: settled framebuffer capture written to /home/mm/browser-vm-r5-9660cbd9-best-menu-reaction.ppm
live: settled framebuffer capture written to /home/mm/browser-vm-r5-9660cbd9-best-menu-reaction.ppm
live: settled framebuffer capture written to /home/mm/browser-vm-r5-9660cbd9-best-menu-reaction.ppm
live: settled framebuffer capture written to /home/mm/browser-vm-r5-9660cbd9-best-menu-reaction.ppm
live: settled framebuffer capture written to /home/mm/browser-vm-r5-9660cbd9-best-menu-reaction.ppm
live: settled framebuffer capture written to /home/mm/browser-vm-r5-9660cbd9-best-menu-reaction.ppm
live: settled framebuffer capture written to /home/mm/browser-vm-r5-9660cbd9-best-menu-reaction.ppm
live: POINTER CLICK VERIFIED kind=chromium-app-menu point=1898,62 sent=2 opening_rects=47 closing_rects=13 changed_near=71307 changed_total=71307 bounds=PixelBounds { left: 1452, top: 46, right: 1920, bottom: 883 } restored=65591/71307 residual=5716 before=0xf9cc32a921900c62 opened=0x86b732831630b150 closed=0x2445ff03d4b643a1
live: RECONNECTED tier=Compressed desktop=1920x1080 compression=None
live: RECONNECT IDENTITY OK point=1898,62 inbound_damage_per_mille=887 visual_identity_per_mille=999
live: TIER FRAME OK 1920x1080 rects=5 fnv1a64=0x26b3dd8aa66c6771 distinct_colors=1139
test live_rdp_renders_accepts_input_and_applies_tier_on_reconnect ... ok

test result: ok. 1 passed; 0 failed; 0 ignored; 0 measured; 8 filtered out; finished in 29.48s
